{"level":"info","message":"App initialized in production mode","service":"api-service","timestamp":"2026-03-30 11:13:50"}
{"level":"fatal","message":"Application crashed due to a fatal error","service":"api-service","timestamp":"2026-03-30 11:13:50"}
{"level":"info","message":"Connect to MONGODB","service":"api-service","timestamp":"2026-03-30 11:13:50"}
{"level":"error","message":"Failed to connect to MONGODB","service":"api-service","timestamp":"2026-03-30 11:13:50"}
{"level":"info","message":"GET /api/users - 200 OK","service":"api-service","timestamp":"2026-03-30 11:13:50"}
{"level":"info","message":"Response sent","responseTime":"150ms","route":"/api/users","service":"api-service","status":200,"timestamp":"2026-03-30 11:13:50"}
{"level":"info","message":"User logged in","service":"api-service","timestamp":"2026-03-30 11:13:50","userId":"12345"}
{"level":"info","message":"User logged out","service":"api-service","timestamp":"2026-03-30 11:13:50","userId":"12345"}
{"level":"warn","message":"Invaild login attempt","service":"api-service","timestamp":"2026-03-30 11:13:50","userId":"12345"}
{"error":"Connection refused","level":"error","message":"Database connection error","service":"api-service","timestamp":"2026-03-30 11:13:50"}
{"fileName":"report.pdf","fileSize":"2MB","level":"info","message":"file uploaded successfully","service":"api-service","timestamp":"2026-03-30 11:13:50"}
{"key":"user_12345","level":"info","message":"Cache hit for key","service":"api-service","timestamp":"2026-03-30 11:13:50"}
{"key":"user_12345","level":"info","message":"Cache miss for key","service":"api-service","timestamp":"2026-03-30 11:13:50"}
{"duration":"500ms","jobName":"dailyReport","level":"info","message":"Scheduled job executed","service":"api-service","timestamp":"2026-03-30 11:13:50"}
{"error":"TypeError: Cannot read property 'name' of undefined","level":"error","message":"Unhandled exception","service":"api-service","timestamp":"2026-03-30 11:13:50"}
{"level":"info","message":"Server running in production mode on port 8080","service":"api-service","timestamp":"2026-03-30 11:13:50"}
{"level":"info","message":"fetching user","requestId":"45251a92-d417-4722-b296-cc93a5c05643","service":"api-service","timestamp":"2026-03-30 11:13:54","userId":123456789}
{"level":"info","message":"45251a92-d417-4722-b296-cc93a5c05643 GET /api/auth 304 - - 10.494 ms","service":"api-service","timestamp":"2026-03-30 11:13:54"}
{"level":"info","message":"App initialized in production mode","service":"api-service","timestamp":"2026-03-30 11:14:29"}
{"level":"fatal","message":"Application crashed due to a fatal error","service":"api-service","timestamp":"2026-03-30 11:14:29"}
{"level":"info","message":"Connect to MONGODB","service":"api-service","timestamp":"2026-03-30 11:14:29"}
{"level":"error","message":"Failed to connect to MONGODB","service":"api-service","timestamp":"2026-03-30 11:14:29"}
{"level":"info","message":"GET /api/users - 200 OK","service":"api-service","timestamp":"2026-03-30 11:14:29"}
{"level":"info","message":"Response sent","responseTime":"150ms","route":"/api/users","service":"api-service","status":200,"timestamp":"2026-03-30 11:14:29"}
{"level":"info","message":"User logged in","service":"api-service","timestamp":"2026-03-30 11:14:29","userId":"12345"}
{"level":"info","message":"User logged out","service":"api-service","timestamp":"2026-03-30 11:14:29","userId":"12345"}
{"level":"warn","message":"Invaild login attempt","service":"api-service","timestamp":"2026-03-30 11:14:29","userId":"12345"}
{"error":"Connection refused","level":"error","message":"Database connection error","service":"api-service","timestamp":"2026-03-30 11:14:29"}
{"fileName":"report.pdf","fileSize":"2MB","level":"info","message":"file uploaded successfully","service":"api-service","timestamp":"2026-03-30 11:14:29"}
{"key":"user_12345","level":"info","message":"Cache hit for key","service":"api-service","timestamp":"2026-03-30 11:14:29"}
{"key":"user_12345","level":"info","message":"Cache miss for key","service":"api-service","timestamp":"2026-03-30 11:14:29"}
{"duration":"500ms","jobName":"dailyReport","level":"info","message":"Scheduled job executed","service":"api-service","timestamp":"2026-03-30 11:14:29"}
{"error":"TypeError: Cannot read property 'name' of undefined","level":"error","message":"Unhandled exception","service":"api-service","timestamp":"2026-03-30 11:14:29"}
{"level":"info","message":"Server running in production mode on port 8080","service":"api-service","timestamp":"2026-03-30 11:14:29"}
{"level":"info","message":"fetching user","reIp":"::1","requestId":"ca794242-d14c-4274-9adb-8a0227f7ffa3","service":"api-service","timestamp":"2026-03-30 11:14:35","userId":123456789}
{"level":"info","message":"ca794242-d14c-4274-9adb-8a0227f7ffa3 GET /api/auth 304 - - 5.368 ms","service":"api-service","timestamp":"2026-03-30 11:14:35"}
{"level":"info","message":"App initialized in production mode","service":"api-service","timestamp":"2026-03-30 11:15:26"}
{"level":"fatal","message":"Application crashed due to a fatal error","service":"api-service","timestamp":"2026-03-30 11:15:26"}
{"level":"info","message":"Connect to MONGODB","service":"api-service","timestamp":"2026-03-30 11:15:26"}
{"level":"error","message":"Failed to connect to MONGODB","service":"api-service","timestamp":"2026-03-30 11:15:26"}
{"level":"info","message":"GET /api/users - 200 OK","service":"api-service","timestamp":"2026-03-30 11:15:26"}
{"level":"info","message":"Response sent","responseTime":"150ms","route":"/api/users","service":"api-service","status":200,"timestamp":"2026-03-30 11:15:26"}
{"level":"info","message":"User logged in","service":"api-service","timestamp":"2026-03-30 11:15:26","userId":"12345"}
{"level":"info","message":"User logged out","service":"api-service","timestamp":"2026-03-30 11:15:26","userId":"12345"}
{"level":"warn","message":"Invaild login attempt","service":"api-service","timestamp":"2026-03-30 11:15:26","userId":"12345"}
{"error":"Connection refused","level":"error","message":"Database connection error","service":"api-service","timestamp":"2026-03-30 11:15:26"}
{"fileName":"report.pdf","fileSize":"2MB","level":"info","message":"file uploaded successfully","service":"api-service","timestamp":"2026-03-30 11:15:26"}
{"key":"user_12345","level":"info","message":"Cache hit for key","service":"api-service","timestamp":"2026-03-30 11:15:26"}
{"key":"user_12345","level":"info","message":"Cache miss for key","service":"api-service","timestamp":"2026-03-30 11:15:26"}
{"duration":"500ms","jobName":"dailyReport","level":"info","message":"Scheduled job executed","service":"api-service","timestamp":"2026-03-30 11:15:26"}
{"error":"TypeError: Cannot read property 'name' of undefined","level":"error","message":"Unhandled exception","service":"api-service","timestamp":"2026-03-30 11:15:26"}
{"level":"info","message":"Server running in production mode on port 8080","service":"api-service","timestamp":"2026-03-30 11:15:26"}
{"level":"info","message":"fetching user","reIp":"/","requestId":"310e495e-be96-4275-8add-19e64cef4185","service":"api-service","timestamp":"2026-03-30 11:15:29","userId":123456789}
{"level":"info","message":"310e495e-be96-4275-8add-19e64cef4185 GET /api/auth 304 - - 6.099 ms","service":"api-service","timestamp":"2026-03-30 11:15:29"}
